dssdsdsjsdjf 10.121.204.66 error error 10.121.32.42 231 Pcie BUS ERROR
dssdsdsjsdjf 10.121.204.66 error error 10.121.32.42 231 Pcie BUS ERROR
dssdsdsjsdjf 10.121.204.66 error error 10.121.32.42 231 Pcie BUS ERROR
dssdsdsjsdjf 10.121.204.66 error error 10.121.32.42 231 Pcie BUS ERROR
dssdsdsjsdjf 10.121.204.66 error error 10.121.32.42 231 Pcie BUS ERROR
dssdsdsjsdjf 10.121.204.66 error error 10.121.32.42 231 Pcie BUS ERROR